app/admin/dashboard/companies/[id]/edit/profile/page.tsx(228,21): error TS2607: JSX element class does not support attributes because it does not have a 'props' property.
app/admin/dashboard/companies/[id]/edit/profile/page.tsx(228,22): error TS2786: 'Lock' cannot be used as a JSX component.
  Its type '{ new (): Lock; prototype: Lock; }' is not a valid JSX element type.
    Type '{ new (): Lock; prototype: Lock; }' is not assignable to type 'new (props: any, context: any) => Component<any, any, any>'.
      Type 'Lock' is missing the following properties from type 'Component<any, any, any>': context, setState, forceUpdate, render, and 2 more.
app/admin/dashboard/companies/[id]/edit/profile/page.tsx(232,18): error TS2552: Cannot find name 'Input'. Did you mean 'oninput'?
app/admin/dashboard/companies/[id]/edit/profile/page.tsx(235,30): error TS7006: Parameter 'e' implicitly has an 'any' type.
app/admin/dashboard/companies/[id]/edit/profile/page.tsx(235,52): error TS7006: Parameter 'prev' implicitly has an 'any' type.
app/admin/dashboard/companies/[id]/view/tools/page.tsx(68,17): error TS7022: 'res' implicitly has type 'any' because it does not have a type annotation and is referenced directly or indirectly in its own initializer.
app/admin/dashboard/companies/[id]/view/tools/page.tsx(75,17): error TS7022: 'data' implicitly has type 'any' because it does not have a type annotation and is referenced directly or indirectly in its own initializer.
app/admin/layout.tsx(48,8): error TS2739: Type '{}' is missing the following properties from type '{ onVerify: (password: string) => void; onClose: () => void; pathKey: string; }': onVerify, onClose, pathKey
app/dashboard/agent-settings/[agentId]/page.tsx(130,19): error TS7022: 'res' implicitly has type 'any' because it does not have a type annotation and is referenced directly or indirectly in its own initializer.
app/dashboard/agent-settings/[agentId]/page.tsx(134,19): error TS7022: 'data' implicitly has type 'any' because it does not have a type annotation and is referenced directly or indirectly in its own initializer.
app/dashboard/agent-settings/[agentId]/page.tsx(480,15): error TS7022: 'res' implicitly has type 'any' because it does not have a type annotation and is referenced directly or indirectly in its own initializer.
app/dashboard/agent-settings/[agentId]/page.tsx(484,15): error TS7022: 'data' implicitly has type 'any' because it does not have a type annotation and is referenced directly or indirectly in its own initializer.
app/dashboard/tools/page.tsx(460,13): error TS7022: 'res' implicitly has type 'any' because it does not have a type annotation and is referenced directly or indirectly in its own initializer.
app/dashboard/tools/page.tsx(464,13): error TS7022: 'data' implicitly has type 'any' because it does not have a type annotation and is referenced directly or indirectly in its own initializer.
components/metric-chart.tsx(84,11): error TS2322: Type '(val: number) => [string, string]' is not assignable to type 'Formatter<ValueType, NameType> & ((value: ValueType, name: NameType, item: TooltipPayloadEntry, index: number, payload: TooltipPayload) => ReactNode | [...])'.
  Type '(val: number) => [string, string]' is not assignable to type 'Formatter<ValueType, NameType>'.
    Types of parameters 'val' and 'value' are incompatible.
      Type 'ValueType | undefined' is not assignable to type 'number'.
        Type 'undefined' is not assignable to type 'number'.
components/password-prompt.tsx(20,42): error TS2339: Property 'open' does not exist on type 'Boolean'.
components/ui/calendar.tsx(25,9): error TS2353: Object literal may only specify known properties, and 'caption' does not exist in type 'Partial<ClassNames>'.
components/ui/calendar.tsx(57,9): error TS2353: Object literal may only specify known properties, and 'IconLeft' does not exist in type 'Partial<CustomComponents>'.
components/ui/chart.tsx(119,7): error TS2339: Property 'payload' does not exist on type 'Omit<Omit<Props<ValueType, NameType>, PropertiesReadFromContext> & { active?: boolean | undefined; allowEscapeViewBox?: AllowInDimension | undefined; ... 24 more ...; wrapperStyle?: CSSProperties | undefined; } & ClassAttributes<...> & HTMLAttributes<...> & { ...; }, "ref">'.
components/ui/chart.tsx(124,7): error TS2339: Property 'label' does not exist on type 'Omit<Omit<Props<ValueType, NameType>, PropertiesReadFromContext> & { active?: boolean | undefined; allowEscapeViewBox?: AllowInDimension | undefined; ... 24 more ...; wrapperStyle?: CSSProperties | undefined; } & ClassAttributes<...> & HTMLAttributes<...> & { ...; }, "ref">'.
components/ui/chart.tsx(188,25): error TS7006: Parameter 'item' implicitly has an 'any' type.
components/ui/chart.tsx(188,31): error TS7006: Parameter 'index' implicitly has an 'any' type.
components/ui/chart.tsx(264,41): error TS2344: Type '"verticalAlign" | "payload"' does not satisfy the constraint '"string" | "media" | "spacing" | "order" | "height" | "width" | "rotate" | "scale" | "cursor" | "fill" | "stroke" | "strokeWidth" | "fontFamily" | "fontSize" | "fontWeight" | "letterSpacing" | ... 434 more ... | "onBBoxUpdate"'.
  Type '"payload"' is not assignable to type '"string" | "media" | "spacing" | "order" | "height" | "width" | "rotate" | "scale" | "cursor" | "fill" | "stroke" | "strokeWidth" | "fontFamily" | "fontSize" | "fontWeight" | "letterSpacing" | ... 434 more ... | "onBBoxUpdate"'.
components/ui/chart.tsx(275,19): error TS2339: Property 'length' does not exist on type '{}'.
components/ui/chart.tsx(288,18): error TS2339: Property 'map' does not exist on type '{}'.
components/ui/chart.tsx(288,23): error TS7006: Parameter 'item' implicitly has an 'any' type.
components/ui/resizable.tsx(11,51): error TS2339: Property 'PanelGroup' does not exist on type 'typeof import("C:/Users/AhmedKhawar/Desktop/Pentagon/frontend/node_modules/react-resizable-panels/dist/react-resizable-panels")'.
components/ui/resizable.tsx(12,23): error TS2339: Property 'PanelGroup' does not exist on type 'typeof import("C:/Users/AhmedKhawar/Desktop/Pentagon/frontend/node_modules/react-resizable-panels/dist/react-resizable-panels")'.
components/ui/resizable.tsx(27,51): error TS2339: Property 'PanelResizeHandle' does not exist on type 'typeof import("C:/Users/AhmedKhawar/Desktop/Pentagon/frontend/node_modules/react-resizable-panels/dist/react-resizable-panels")'.
components/ui/resizable.tsx(30,23): error TS2339: Property 'PanelResizeHandle' does not exist on type 'typeof import("C:/Users/AhmedKhawar/Desktop/Pentagon/frontend/node_modules/react-resizable-panels/dist/react-resizable-panels")'.
components/ui/resizable.tsx(42,24): error TS2339: Property 'PanelResizeHandle' does not exist on type 'typeof import("C:/Users/AhmedKhawar/Desktop/Pentagon/frontend/node_modules/react-resizable-panels/dist/react-resizable-panels")'.
components/WorldMap.tsx(133,52): error TS2322: Type 'number' is not assignable to type 'Longitude'.
  Type 'number' is not assignable to type '{ __brand: "longitude"; }'.
components/WorldMap.tsx(133,56): error TS2322: Type 'number' is not assignable to type 'Latitude'.
  Type 'number' is not assignable to type '{ __brand: "latitude"; }'.
components/WorldMap.tsx(142,43): error TS2538: Type 'undefined' cannot be used as an index type.
components/WorldMap.tsx(148,32): error TS2339: Property 'rsmKey' does not exist on type 'Feature<Geometry, GeoJsonProperties>'.
components/WorldMap.tsx(190,31): error TS2322: Type 'number' is not assignable to type 'Longitude'.
  Type 'number' is not assignable to type '{ __brand: "longitude"; }'.
components/WorldMap.tsx(190,41): error TS2322: Type 'number' is not assignable to type 'Latitude'.
  Type 'number' is not assignable to type '{ __brand: "latitude"; }'.
